$ pnpm build:all
$ pnpm --filter anchor-engine build
$ node -e "require('fs').rmSync('dist', {recursive:true, force:true})" && tsc
src/routes/v1/ingest-updated.ts(95,9): error TS2554: Expected 3-5 arguments, but got 6.
src/services/ingest/ingest-atomic.ts(477,29): error TS2339: Property 'createHash' does not exist on type 'Crypto'.
C:\Users\rsbii\Projects\anchor-engine-node\engine:
[ERR_PNPM_RECURSIVE_RUN_FIRST_FAIL] anchor-engine@5.0.0 build: `node -e "require('fs').rmSync('dist', {recursive:true, force:true})" && tsc`
Exit status 2
[ELIFECYCLE] Command failed with exit code 2.
[ELIFECYCLE] Command failed with exit code 2.
