
[1m[46m RUN [49m[22m [36mv4.0.18 [39m[90mC:/Users/rsbii/Projects/anchor-engine-node[39m

