
> anchor-engine@5.0.0 test:vitest
> vitest run --config vitest.config.ts pglite-database.test.ts


[1m[46m RUN [49m[22m [36mv4.0.18 [39m[90mC:/Users/rsbiiw/Projects/aen/engine[39m


[2m Test Files [22m [1m[31m1 failed[39m[22m[90m (1)[39m
[2m      Tests [22m [2mno tests[22m
[2m   Start at [22m 20:52:17
[2m   Duration [22m 374ms[2m (transform 0ms, setup 0ms, import 0ms, tests 0ms, environment 0ms)[22m

